// Jest Snapshot v1, https://goo.gl/fbAQLP

exports[`Button:   passes snapshot tests 1`] = `
<button
  className="sc-bdVaJa iCSLLn"
  disabled={false}
  onClick={undefined}
>
  Snap Shot Tests
</button>
`;
